// Code generated by protoc-gen-yarpc-go
// source: encoding/protobuf/protoc-gen-yarpc-go/internal/testing/testing_no_service.proto
// DO NOT EDIT!

package testing

var yarpcFileDescriptorClosurec5c96b9530ffbf1e = [][]byte{
	// encoding/protobuf/protoc-gen-yarpc-go/internal/testing/testing_no_service.proto
	[]byte{
		0x1f, 0x8b, 0x08, 0x00, 0x00, 0x00, 0x00, 0x00, 0x02, 0xff, 0xe2, 0xf2, 0x4f, 0xcd, 0x4b, 0xce,
		0x4f, 0xc9, 0xcc, 0x4b, 0xd7, 0x2f, 0x28, 0xca, 0x2f, 0xc9, 0x4f, 0x2a, 0x4d, 0x83, 0x30, 0x92,
		0x75, 0xd3, 0x53, 0xf3, 0x74, 0x2b, 0x13, 0x8b, 0x0a, 0x92, 0x75, 0xd3, 0xf3, 0xf5, 0x33, 0xf3,
		0x4a, 0x52, 0x8b, 0xf2, 0x12, 0x73, 0xf4, 0x4b, 0x52, 0x8b, 0x4b, 0x40, 0xaa, 0xa1, 0x74, 0x7c,
		0x5e, 0x7e, 0x7c, 0x71, 0x6a, 0x51, 0x59, 0x66, 0x72, 0xaa, 0x1e, 0x58, 0x9f, 0x90, 0x5d, 0x69,
		0x52, 0x6a, 0x91, 0x1e, 0x58, 0xa3, 0x1e, 0xcc, 0x6c, 0x3d, 0x98, 0xd9, 0x10, 0x46, 0x72, 0x7a,
		0x6a, 0x1e, 0x58, 0x41, 0x7a, 0xbe, 0x1e, 0xcc, 0x60, 0x3d, 0xa8, 0x81, 0x4a, 0xa2, 0x5c, 0xcc,
		0x6e, 0xf9, 0xf9, 0x42, 0x7c, 0x5c, 0x4c, 0x99, 0x29, 0x12, 0x8c, 0x0a, 0x8c, 0x1a, 0x9c, 0x41,
		0x4c, 0x99, 0x29, 0x4e, 0xa6, 0x17, 0x1e, 0xca, 0x31, 0xdc, 0x78, 0x28, 0xc7, 0xf0, 0xe1, 0xa1,
		0x1c, 0x63, 0xc3, 0x23, 0x39, 0xc6, 0x15, 0x8f, 0xe4, 0x18, 0x4f, 0x3c, 0x92, 0x63, 0xbc, 0xf0,
		0x48, 0x8e, 0xf1, 0xc1, 0x23, 0x39, 0xc6, 0x17, 0x8f, 0xe4, 0x18, 0x3e, 0x3c, 0x92, 0x63, 0x9c,
		0xf0, 0x58, 0x8e, 0x21, 0x8a, 0x1d, 0x6a, 0x5a, 0x12, 0x1b, 0xd8, 0x42, 0x63, 0x40, 0x00, 0x00,
		0x00, 0xff, 0xff, 0x96, 0xca, 0x67, 0x73, 0xe7, 0x00, 0x00, 0x00,
	},
}
